LIBPMEM_1.0 {
	global:
		pmem_map_file;
		pmem_unmap;
		pmem_is_pmem;
		pmem_persist;
		pmem_msync;
		pmem_flush;
		pmem_drain;
		pmem_has_hw_drain;
		pmem_check_version;
		pmem_errormsg;
		pmem_memmove_persist;
		pmem_memcpy_persist;
		pmem_memset_persist;
		pmem_memmove_nodrain;
		pmem_memcpy_nodrain;
		pmem_memset_nodrain;
};
LIBPMEMOBJ_1.0 {
	global:
		pmemobj_check_version;
		pmemobj_set_funcs;
		pmemobj_errormsg;
		pmemobj_create;
		pmemobj_open;
		pmemobj_close;
		pmemobj_check;
		pmemobj_mutex_zero;
		pmemobj_mutex_lock;
		pmemobj_mutex_timedlock;
		pmemobj_mutex_trylock;
		pmemobj_mutex_unlock;
		pmemobj_rwlock_zero;
		pmemobj_rwlock_rdlock;
		pmemobj_rwlock_wrlock;
		pmemobj_rwlock_timedrdlock;
		pmemobj_rwlock_timedwrlock;
		pmemobj_rwlock_tryrdlock;
		pmemobj_rwlock_trywrlock;
		pmemobj_rwlock_unlock;
		pmemobj_cond_zero;
		pmemobj_cond_broadcast;
		pmemobj_cond_signal;
		pmemobj_cond_timedwait;
		pmemobj_cond_wait;
		pmemobj_pool_by_oid;
		pmemobj_pool_by_ptr;
		pmemobj_direct;
		pmemobj_alloc;
		pmemobj_zalloc;
		pmemobj_realloc;
		pmemobj_zrealloc;
		pmemobj_strdup;
		pmemobj_free;
		pmemobj_alloc_usable_size;
		pmemobj_type_num;
		pmemobj_root;
		pmemobj_root_construct;
		pmemobj_root_size;
		pmemobj_first;
		pmemobj_next;
		pmemobj_list_insert;
		pmemobj_list_insert_new;
		pmemobj_list_remove;
		pmemobj_list_move;
		pmemobj_tx_begin;
		pmemobj_tx_stage;
		pmemobj_tx_abort;
		pmemobj_tx_commit;
		pmemobj_tx_end;
		pmemobj_tx_errno;
		pmemobj_tx_process;
		pmemobj_tx_add_range;
		pmemobj_tx_add_range_direct;
		pmemobj_tx_alloc;
		pmemobj_tx_zalloc;
		pmemobj_tx_realloc;
		pmemobj_tx_zrealloc;
		pmemobj_tx_strdup;
		pmemobj_tx_free;
		pmemobj_tx_lock;
		pmemobj_memcpy_persist;
		pmemobj_memset_persist;
		pmemobj_persist;
		pmemobj_flush;
		pmemobj_drain;
	local:
		*;
};
